2026-07-17 11:12:07,778  INFO [extract.py:12] Extracted 25 rows from the table
2026-07-17 11:12:07,813  INFO [load.py:21] 0 inserted to dim_driver
2026-07-17 11:12:07,816  INFO [extract.py:12] Extracted 45 rows from the table
2026-07-17 11:12:07,840  INFO [load.py:21] 0 inserted to dim_passenger
2026-07-17 11:12:07,842  INFO [extract.py:12] Extracted 25 rows from the table
2026-07-17 11:12:07,859  INFO [load.py:21] 0 inserted to dim_location
2026-07-17 11:12:07,861  INFO [extract.py:12] Extracted 7 rows from the table
2026-07-17 11:12:07,865  INFO [load.py:21] 0 inserted to dim_payment_method
2026-07-17 11:12:07,867  INFO [extract.py:12] Extracted 10 rows from the table
2026-07-17 11:12:07,873  INFO [load.py:21] 0 inserted to dim_promo_code
2026-07-17 11:12:07,877  INFO [extract.py:12] Extracted 30 rows from the table
2026-07-17 11:12:07,893  INFO [load.py:21] 0 inserted to dim_vehicle
2026-07-17 11:12:07,894  INFO [pipeline.py:102] Dimention table load completed on 0.12s
2026-07-17 11:12:07,894  INFO [extract.py:126] Loading lookup tables into memory
2026-07-17 11:12:07,903  INFO [pipeline.py:106] Lookup table extraction completed on 0.01s
2026-07-17 11:12:07,907  INFO [extract.py:156] Watermark: 2026-06-29 21:53:01
2026-07-17 11:12:07,913  INFO [extract.py:12] Extracted 1 rows from the table
2026-07-17 11:12:07,913  INFO [pipeline.py:114] Trip extraction  completed on 0.01s
2026-07-17 11:12:07,929  INFO [transform.py:166] Transformed 1 rows, skipped 0
2026-07-17 11:12:07,929  INFO [pipeline.py:118] Transformation completed on 0.02s
2026-07-17 11:12:07,930  ERROR [pipeline.py:131] Pipeline failed
Traceback (most recent call last):
  File "/Users/mtuladhar/Desktop/Data-Engineering-Course/Week5/etl_using_pandas/pipeline.py", line 125, in main
    run_quality_checks(fact_df)
  File "/Users/mtuladhar/Desktop/Data-Engineering-Course/Week5/etl_using_pandas/quality.py", line 112, in run_quality_checks
    raise DataQualityError(
quality.DataQualityError: Quality check failed: no_negative_fares — 1 rows with fare_amount <= 0
