2026-07-17 11:28:09,978  INFO [extract.py:12] Extracted 25 rows from the table
2026-07-17 11:28:10,016  INFO [load.py:21] 0 inserted to dim_driver
2026-07-17 11:28:10,020  INFO [extract.py:12] Extracted 45 rows from the table
2026-07-17 11:28:10,082  INFO [load.py:21] 0 inserted to dim_passenger
2026-07-17 11:28:10,087  INFO [extract.py:12] Extracted 25 rows from the table
2026-07-17 11:28:10,108  INFO [load.py:21] 0 inserted to dim_location
2026-07-17 11:28:10,111  INFO [extract.py:12] Extracted 7 rows from the table
2026-07-17 11:28:10,116  INFO [load.py:21] 0 inserted to dim_payment_method
2026-07-17 11:28:10,119  INFO [extract.py:12] Extracted 10 rows from the table
2026-07-17 11:28:10,126  INFO [load.py:21] 0 inserted to dim_promo_code
2026-07-17 11:28:10,129  INFO [extract.py:12] Extracted 30 rows from the table
2026-07-17 11:28:10,147  INFO [load.py:21] 0 inserted to dim_vehicle
2026-07-17 11:28:10,148  INFO [pipeline.py:102] Dimention table load completed on 0.18s
2026-07-17 11:28:10,148  INFO [extract.py:126] Loading lookup tables into memory
2026-07-17 11:28:10,160  INFO [pipeline.py:106] Lookup table extraction completed on 0.01s
2026-07-17 11:28:10,165  INFO [extract.py:156] Watermark: 2026-06-29 21:53:01
2026-07-17 11:28:10,169  INFO [extract.py:12] Extracted 5 rows from the table
2026-07-17 11:28:10,170  INFO [pipeline.py:114] Trip extraction  completed on 0.01s
2026-07-17 11:28:10,187  INFO [transform.py:166] Transformed 5 rows, skipped 0
2026-07-17 11:28:10,187  INFO [pipeline.py:118] Transformation completed on 0.02s
2026-07-17 11:28:10,187  INFO [quality.py:122] Quality gate passed: 5 rows, 5 checks
2026-07-17 11:28:10,187  INFO [pipeline.py:126] Quality Check completed on 0.00s
2026-07-17 11:28:10,196  INFO [load.py:21] 5 inserted to fact_trips
2026-07-17 11:28:10,197  INFO [pipeline.py:129] Trip table load completed on 0.01s
