2026-07-17 11:31:40,807  INFO [extract.py:12] Extracted 25 rows from the table
2026-07-17 11:31:40,849  INFO [load.py:21] 0 inserted to dim_driver
2026-07-17 11:31:40,852  INFO [extract.py:12] Extracted 45 rows from the table
2026-07-17 11:31:40,877  INFO [load.py:21] 0 inserted to dim_passenger
2026-07-17 11:31:40,879  INFO [extract.py:12] Extracted 25 rows from the table
2026-07-17 11:31:40,895  INFO [load.py:21] 0 inserted to dim_location
2026-07-17 11:31:40,898  INFO [extract.py:12] Extracted 7 rows from the table
2026-07-17 11:31:40,902  INFO [load.py:21] 0 inserted to dim_payment_method
2026-07-17 11:31:40,904  INFO [extract.py:12] Extracted 10 rows from the table
2026-07-17 11:31:40,911  INFO [load.py:21] 0 inserted to dim_promo_code
2026-07-17 11:31:40,913  INFO [extract.py:12] Extracted 30 rows from the table
2026-07-17 11:31:40,931  INFO [load.py:21] 0 inserted to dim_vehicle
2026-07-17 11:31:40,932  INFO [pipeline.py:102] Dimention table load completed on 0.13s
2026-07-17 11:31:40,932  INFO [extract.py:126] Loading lookup tables into memory
2026-07-17 11:31:40,942  INFO [pipeline.py:106] Lookup table extraction completed on 0.01s
2026-07-17 11:31:40,947  INFO [extract.py:156] Watermark: 2026-07-17 11:27:07.537834
2026-07-17 11:31:40,950  INFO [extract.py:12] Extracted 0 rows from the table
2026-07-17 11:31:40,950  INFO [pipeline.py:114] Trip extraction  completed on 0.01s
2026-07-17 11:31:40,950  INFO [transform.py:82] No trips extracted — nothing to transform
2026-07-17 11:31:40,950  INFO [pipeline.py:118] Transformation completed on 0.00s
2026-07-17 11:31:40,950  INFO [pipeline.py:121] No new trips to process: pipeline complete, nothing to load
